// Vitest Snapshot v1

exports[`DefaultNotification > snap shot matches 1`] = `
{
  "baseElement": <body>
    <div>
      <div
        aria-live="assertive"
        class="fixed inset-0 flex items-end px-4 py-6 pointer-events-none sm:p-6 sm:items-start z-30"
      >
        <div
          class="w-full flex flex-col items-center space-y-4 sm:items-end"
        >
          <transition-stub>
            <div
              class="max-w-sm w-full bg-white shadow-lg rounded-lg pointer-events-auto ring-1 ring-black ring-opacity-5 overflow-hidden"
            >
              <div
                class="p-4"
              >
                <div
                  class="flex items-start"
                >
                  <div
                    class="flex-shrink-0"
                    data-testid="Notification icon"
                  >
                    <svg
                      aria-hidden="true"
                      class="h-6 w-6 text-green-400"
                      fill="none"
                      stroke="currentColor"
                      stroke-width="2"
                      viewBox="0 0 24 24"
                      xmlns="http://www.w3.org/2000/svg"
                    >
                      <path
                        d="M9 12l2 2 4-4m6 2a9 9 0 11-18 0 9 9 0 0118 0z"
                        stroke-linecap="round"
                        stroke-linejoin="round"
                      />
                    </svg>
                    <!--v-if-->
                    <!--v-if-->
                    <!--v-if-->
                  </div>
                  <div
                    class="ml-3 w-0 flex-1 pt-0.5"
                  >
                    <p
                      class="text-sm font-medium text-gray-900"
                      data-testid="Notification title"
                    >
                      Test Title
                    </p>
                    <p
                      class="mt-1 text-sm text-gray-500"
                      data-testid="Notification message"
                    >
                      Test Message
                    </p>
                  </div>
                  <div
                    class="ml-4 flex-shrink-0 flex"
                  >
                    <button
                      class="bg-white rounded-md inline-flex text-gray-400 hover:text-gray-500 focus:outline-none focus:ring-2 focus:ring-offset-2 focus:ring-teal-500"
                      type="button"
                    >
                      <span
                        class="sr-only"
                      >
                        Close
                      </span>
                      <svg
                        aria-hidden="true"
                        class="h-5 w-5"
                        fill="currentColor"
                        viewBox="0 0 20 20"
                        xmlns="http://www.w3.org/2000/svg"
                      >
                        <path
                          clip-rule="evenodd"
                          d="M4.293 4.293a1 1 0 011.414 0L10 8.586l4.293-4.293a1 1 0 111.414 1.414L11.414 10l4.293 4.293a1 1 0 01-1.414 1.414L10 11.414l-4.293 4.293a1 1 0 01-1.414-1.414L8.586 10 4.293 5.707a1 1 0 010-1.414z"
                          fill-rule="evenodd"
                        />
                      </svg>
                    </button>
                  </div>
                </div>
              </div>
            </div>
          </transition-stub>
        </div>
      </div>
    </div>
  </body>,
  "container": <div>
    <div
      aria-live="assertive"
      class="fixed inset-0 flex items-end px-4 py-6 pointer-events-none sm:p-6 sm:items-start z-30"
    >
      <div
        class="w-full flex flex-col items-center space-y-4 sm:items-end"
      >
        <transition-stub>
          <div
            class="max-w-sm w-full bg-white shadow-lg rounded-lg pointer-events-auto ring-1 ring-black ring-opacity-5 overflow-hidden"
          >
            <div
              class="p-4"
            >
              <div
                class="flex items-start"
              >
                <div
                  class="flex-shrink-0"
                  data-testid="Notification icon"
                >
                  <svg
                    aria-hidden="true"
                    class="h-6 w-6 text-green-400"
                    fill="none"
                    stroke="currentColor"
                    stroke-width="2"
                    viewBox="0 0 24 24"
                    xmlns="http://www.w3.org/2000/svg"
                  >
                    <path
                      d="M9 12l2 2 4-4m6 2a9 9 0 11-18 0 9 9 0 0118 0z"
                      stroke-linecap="round"
                      stroke-linejoin="round"
                    />
                  </svg>
                  <!--v-if-->
                  <!--v-if-->
                  <!--v-if-->
                </div>
                <div
                  class="ml-3 w-0 flex-1 pt-0.5"
                >
                  <p
                    class="text-sm font-medium text-gray-900"
                    data-testid="Notification title"
                  >
                    Test Title
                  </p>
                  <p
                    class="mt-1 text-sm text-gray-500"
                    data-testid="Notification message"
                  >
                    Test Message
                  </p>
                </div>
                <div
                  class="ml-4 flex-shrink-0 flex"
                >
                  <button
                    class="bg-white rounded-md inline-flex text-gray-400 hover:text-gray-500 focus:outline-none focus:ring-2 focus:ring-offset-2 focus:ring-teal-500"
                    type="button"
                  >
                    <span
                      class="sr-only"
                    >
                      Close
                    </span>
                    <svg
                      aria-hidden="true"
                      class="h-5 w-5"
                      fill="currentColor"
                      viewBox="0 0 20 20"
                      xmlns="http://www.w3.org/2000/svg"
                    >
                      <path
                        clip-rule="evenodd"
                        d="M4.293 4.293a1 1 0 011.414 0L10 8.586l4.293-4.293a1 1 0 111.414 1.414L11.414 10l4.293 4.293a1 1 0 01-1.414 1.414L10 11.414l-4.293 4.293a1 1 0 01-1.414-1.414L8.586 10 4.293 5.707a1 1 0 010-1.414z"
                        fill-rule="evenodd"
                      />
                    </svg>
                  </button>
                </div>
              </div>
            </div>
          </div>
        </transition-stub>
      </div>
    </div>
  </div>,
  "debug": [Function],
  "emitted": [Function],
  "findAllByAltText": [Function],
  "findAllByDisplayValue": [Function],
  "findAllByLabelText": [Function],
  "findAllByPlaceholderText": [Function],
  "findAllByRole": [Function],
  "findAllByTestId": [Function],
  "findAllByText": [Function],
  "findAllByTitle": [Function],
  "findByAltText": [Function],
  "findByDisplayValue": [Function],
  "findByLabelText": [Function],
  "findByPlaceholderText": [Function],
  "findByRole": [Function],
  "findByTestId": [Function],
  "findByText": [Function],
  "findByTitle": [Function],
  "getAllByAltText": [Function],
  "getAllByDisplayValue": [Function],
  "getAllByLabelText": [Function],
  "getAllByPlaceholderText": [Function],
  "getAllByRole": [Function],
  "getAllByTestId": [Function],
  "getAllByText": [Function],
  "getAllByTitle": [Function],
  "getByAltText": [Function],
  "getByDisplayValue": [Function],
  "getByLabelText": [Function],
  "getByPlaceholderText": [Function],
  "getByRole": [Function],
  "getByTestId": [Function],
  "getByText": [Function],
  "getByTitle": [Function],
  "html": [Function],
  "queryAllByAltText": [Function],
  "queryAllByDisplayValue": [Function],
  "queryAllByLabelText": [Function],
  "queryAllByPlaceholderText": [Function],
  "queryAllByRole": [Function],
  "queryAllByTestId": [Function],
  "queryAllByText": [Function],
  "queryAllByTitle": [Function],
  "queryByAltText": [Function],
  "queryByDisplayValue": [Function],
  "queryByLabelText": [Function],
  "queryByPlaceholderText": [Function],
  "queryByRole": [Function],
  "queryByTestId": [Function],
  "queryByText": [Function],
  "queryByTitle": [Function],
  "rerender": [Function],
  "unmount": [Function],
}
`;
