// Vitest Snapshot v1

exports[`HomePage > snap shot matches 1`] = `
{
  "baseElement": <body>
    <div>
      <div
        class="relative bg-gray-50 overflow-hidden"
      >
        <div
          aria-hidden="true"
          class="hidden sm:block sm:absolute sm:inset-y-0 sm:h-full sm:w-full"
        >
          <div
            class="relative h-full max-w-7xl mx-auto"
          >
            <svg
              class="absolute right-full transform translate-y-1/4 translate-x-1/4 lg:translate-x-1/2"
              fill="none"
              height="784"
              viewBox="0 0 404 784"
              width="404"
            >
              <defs>
                <pattern
                  height="20"
                  id="f210dbf6-a58d-4871-961e-36d5016a0f49"
                  patternUnits="userSpaceOnUse"
                  width="20"
                  x="0"
                  y="0"
                >
                  <rect
                    class="text-gray-200"
                    fill="currentColor"
                    height="4"
                    width="4"
                    x="0"
                    y="0"
                  />
                </pattern>
              </defs>
              <rect
                fill="url(#f210dbf6-a58d-4871-961e-36d5016a0f49)"
                height="784"
                width="404"
              />
            </svg>
            <svg
              class="absolute left-full transform -translate-y-3/4 -translate-x-1/4 md:-translate-y-1/2 lg:-translate-x-1/2"
              fill="none"
              height="784"
              viewBox="0 0 404 784"
              width="404"
            >
              <defs>
                <pattern
                  height="20"
                  id="5d0dd344-b041-4d26-bec4-8d33ea57ec9b"
                  patternUnits="userSpaceOnUse"
                  width="20"
                  x="0"
                  y="0"
                >
                  <rect
                    class="text-gray-200"
                    fill="currentColor"
                    height="4"
                    width="4"
                    x="0"
                    y="0"
                  />
                </pattern>
              </defs>
              <rect
                fill="url(#5d0dd344-b041-4d26-bec4-8d33ea57ec9b)"
                height="784"
                width="404"
              />
            </svg>
          </div>
        </div>
        <div
          class="relative pt-16 pb-16 sm:pb-24"
        >
          <div
            class="mt-16 default-container sm:mt-24"
          >
            <div
              class="text-center"
            >
              <h1
                class="text-4xl tracking-tight font-extrabold text-gray-900 sm:text-5xl md:text-6xl"
              >
                <span
                  class="block xl:inline"
                >
                  Organised your next
                </span>
                   
                <span
                  class="block text-teal-600 xl:inline"
                >
                  online booking
                </span>
              </h1>
              <p
                class="mt-3 max-w-md mx-auto text-base text-gray-500 sm:text-lg md:mt-5 md:text-xl md:max-w-3xl"
              >
                 Anim aute id magna aliqua ad ad non deserunt sunt. Qui irure qui lorem cupidatat commodo. Elit sunt amet fugiat veniam occaecat fugiat aliqua. 
              </p>
              <div
                class="mt-5 max-w-md mx-auto sm:flex sm:justify-center md:mt-8"
              >
                <div
                  class="rounded-md shadow"
                >
                  <button
                    class="w-full flex items-center justify-center px-8 py-3 border border-transparent text-base font-medium rounded-md text-white bg-teal-600 hover:bg-teal-700 md:py-4 md:text-lg md:px-10"
                    data-testid="Main Button"
                  >
                     Find your booking 
                  </button>
                </div>
                <div
                  class="mt-3 rounded-md shadow sm:mt-0 sm:ml-3"
                >
                  <a
                    class="w-full flex items-center justify-center px-8 py-3 border border-transparent text-base font-medium rounded-md text-teal-600 bg-white hover:bg-gray-50 md:py-4 md:text-lg md:px-10"
                    href="#"
                  >
                     I'm a provider 
                  </a>
                </div>
              </div>
            </div>
          </div>
        </div>
      </div>
    </div>
  </body>,
  "container": <div>
    <div
      class="relative bg-gray-50 overflow-hidden"
    >
      <div
        aria-hidden="true"
        class="hidden sm:block sm:absolute sm:inset-y-0 sm:h-full sm:w-full"
      >
        <div
          class="relative h-full max-w-7xl mx-auto"
        >
          <svg
            class="absolute right-full transform translate-y-1/4 translate-x-1/4 lg:translate-x-1/2"
            fill="none"
            height="784"
            viewBox="0 0 404 784"
            width="404"
          >
            <defs>
              <pattern
                height="20"
                id="f210dbf6-a58d-4871-961e-36d5016a0f49"
                patternUnits="userSpaceOnUse"
                width="20"
                x="0"
                y="0"
              >
                <rect
                  class="text-gray-200"
                  fill="currentColor"
                  height="4"
                  width="4"
                  x="0"
                  y="0"
                />
              </pattern>
            </defs>
            <rect
              fill="url(#f210dbf6-a58d-4871-961e-36d5016a0f49)"
              height="784"
              width="404"
            />
          </svg>
          <svg
            class="absolute left-full transform -translate-y-3/4 -translate-x-1/4 md:-translate-y-1/2 lg:-translate-x-1/2"
            fill="none"
            height="784"
            viewBox="0 0 404 784"
            width="404"
          >
            <defs>
              <pattern
                height="20"
                id="5d0dd344-b041-4d26-bec4-8d33ea57ec9b"
                patternUnits="userSpaceOnUse"
                width="20"
                x="0"
                y="0"
              >
                <rect
                  class="text-gray-200"
                  fill="currentColor"
                  height="4"
                  width="4"
                  x="0"
                  y="0"
                />
              </pattern>
            </defs>
            <rect
              fill="url(#5d0dd344-b041-4d26-bec4-8d33ea57ec9b)"
              height="784"
              width="404"
            />
          </svg>
        </div>
      </div>
      <div
        class="relative pt-16 pb-16 sm:pb-24"
      >
        <div
          class="mt-16 default-container sm:mt-24"
        >
          <div
            class="text-center"
          >
            <h1
              class="text-4xl tracking-tight font-extrabold text-gray-900 sm:text-5xl md:text-6xl"
            >
              <span
                class="block xl:inline"
              >
                Organised your next
              </span>
                 
              <span
                class="block text-teal-600 xl:inline"
              >
                online booking
              </span>
            </h1>
            <p
              class="mt-3 max-w-md mx-auto text-base text-gray-500 sm:text-lg md:mt-5 md:text-xl md:max-w-3xl"
            >
               Anim aute id magna aliqua ad ad non deserunt sunt. Qui irure qui lorem cupidatat commodo. Elit sunt amet fugiat veniam occaecat fugiat aliqua. 
            </p>
            <div
              class="mt-5 max-w-md mx-auto sm:flex sm:justify-center md:mt-8"
            >
              <div
                class="rounded-md shadow"
              >
                <button
                  class="w-full flex items-center justify-center px-8 py-3 border border-transparent text-base font-medium rounded-md text-white bg-teal-600 hover:bg-teal-700 md:py-4 md:text-lg md:px-10"
                  data-testid="Main Button"
                >
                   Find your booking 
                </button>
              </div>
              <div
                class="mt-3 rounded-md shadow sm:mt-0 sm:ml-3"
              >
                <a
                  class="w-full flex items-center justify-center px-8 py-3 border border-transparent text-base font-medium rounded-md text-teal-600 bg-white hover:bg-gray-50 md:py-4 md:text-lg md:px-10"
                  href="#"
                >
                   I'm a provider 
                </a>
              </div>
            </div>
          </div>
        </div>
      </div>
    </div>
  </div>,
  "debug": [Function],
  "emitted": [Function],
  "findAllByAltText": [Function],
  "findAllByDisplayValue": [Function],
  "findAllByLabelText": [Function],
  "findAllByPlaceholderText": [Function],
  "findAllByRole": [Function],
  "findAllByTestId": [Function],
  "findAllByText": [Function],
  "findAllByTitle": [Function],
  "findByAltText": [Function],
  "findByDisplayValue": [Function],
  "findByLabelText": [Function],
  "findByPlaceholderText": [Function],
  "findByRole": [Function],
  "findByTestId": [Function],
  "findByText": [Function],
  "findByTitle": [Function],
  "getAllByAltText": [Function],
  "getAllByDisplayValue": [Function],
  "getAllByLabelText": [Function],
  "getAllByPlaceholderText": [Function],
  "getAllByRole": [Function],
  "getAllByTestId": [Function],
  "getAllByText": [Function],
  "getAllByTitle": [Function],
  "getByAltText": [Function],
  "getByDisplayValue": [Function],
  "getByLabelText": [Function],
  "getByPlaceholderText": [Function],
  "getByRole": [Function],
  "getByTestId": [Function],
  "getByText": [Function],
  "getByTitle": [Function],
  "html": [Function],
  "queryAllByAltText": [Function],
  "queryAllByDisplayValue": [Function],
  "queryAllByLabelText": [Function],
  "queryAllByPlaceholderText": [Function],
  "queryAllByRole": [Function],
  "queryAllByTestId": [Function],
  "queryAllByText": [Function],
  "queryAllByTitle": [Function],
  "queryByAltText": [Function],
  "queryByDisplayValue": [Function],
  "queryByLabelText": [Function],
  "queryByPlaceholderText": [Function],
  "queryByRole": [Function],
  "queryByTestId": [Function],
  "queryByText": [Function],
  "queryByTitle": [Function],
  "rerender": [Function],
  "unmount": [Function],
}
`;
