// Vitest Snapshot v1

exports[`EmailVerificationPage > snap shot matches 1`] = `
{
  "baseElement": <body>
    <div>
      <div
        class="relative pt-28 pb-16 bg-white z-0"
      >
        <div
          aria-hidden="true"
          class="hidden absolute top-0 inset-x-0 h-1/2 bg-gray-50 lg:block"
        />
        <div
          class="max-w-7xl mx-auto bg-teal-600 lg:bg-transparent lg:px-8"
        >
          <div
            class="lg:grid lg:grid-cols-12"
          >
            <div
              class="relative z-10 lg:col-start-1 lg:row-start-1 lg:col-span-4 lg:py-16 lg:bg-transparent"
            >
              <div
                aria-hidden="true"
                class="absolute inset-x-0 h-1/2 bg-gray-50 lg:hidden"
              />
              <div
                class="max-w-md mx-auto px-4 sm:max-w-3xl sm:px-10 lg:max-w-none lg:p-0"
              >
                <div
                  class="aspect-w-10 aspect-h-6 sm:aspect-w-2 sm:aspect-h-1 lg:aspect-w-1"
                >
                  <img
                    alt=""
                    class="object-cover object-center rounded-3xl shadow-2xl"
                    src="/src/assets/images/hero/email-verification.jpg"
                  />
                </div>
              </div>
            </div>
            <div
              class="relative bg-teal-600 lg:col-start-3 lg:row-start-1 lg:col-span-10 lg:rounded-3xl lg:grid lg:grid-cols-10 lg:items-center"
            >
              <div
                aria-hidden="true"
                class="hidden absolute inset-0 overflow-hidden rounded-3xl lg:block"
              >
                <svg
                  aria-hidden="true"
                  class="absolute bottom-full left-full transform translate-y-1/3 -translate-x-2/3 xl:bottom-auto xl:top-0 xl:translate-y-0"
                  fill="none"
                  height="384"
                  viewBox="0 0 404 384"
                  width="404"
                >
                  <defs>
                    <pattern
                      height="20"
                      id="64e643ad-2176-4f86-b3d7-f2c5da3b6a6d"
                      patternUnits="userSpaceOnUse"
                      width="20"
                      x="0"
                      y="0"
                    >
                      <rect
                        class="text-teal-800"
                        fill="currentColor"
                        height="4"
                        width="4"
                        x="0"
                        y="0"
                      />
                    </pattern>
                  </defs>
                  <rect
                    fill="url(#64e643ad-2176-4f86-b3d7-f2c5da3b6a6d)"
                    height="384"
                    width="404"
                  />
                </svg>
                <svg
                  aria-hidden="true"
                  class="absolute top-full transform -translate-y-1/3 -translate-x-1/3 xl:-translate-y-1/2"
                  fill="none"
                  height="384"
                  viewBox="0 0 404 384"
                  width="404"
                >
                  <defs>
                    <pattern
                      height="20"
                      id="64e643ad-2176-4f86-b3d7-f2c5da3b6a6d"
                      patternUnits="userSpaceOnUse"
                      width="20"
                      x="0"
                      y="0"
                    >
                      <rect
                        class="text-teal-500"
                        fill="currentColor"
                        height="4"
                        width="4"
                        x="0"
                        y="0"
                      />
                    </pattern>
                  </defs>
                  <rect
                    fill="url(#64e643ad-2176-4f86-b3d7-f2c5da3b6a6d)"
                    height="384"
                    width="404"
                  />
                </svg>
              </div>
              <div
                class="relative max-w-md mx-auto py-12 px-4 space-y-6 sm:max-w-3xl sm:py-16 sm:px-10 lg:max-w-none lg:p-0 lg:col-start-4 lg:col-span-6"
              >
                <h2
                  class="text-4xl font-extrabold text-white"
                  id="join-heading"
                >
                  Email Verification
                </h2>
                <p
                  class="text-xl text-white"
                >
                  A verification email has been sent to you. Please check your inbox!
                </p>
                <a
                  class="block w-full py-3 px-5 text-center bg-white border border-transparent rounded-md shadow-md text-base font-medium text-teal-700 hover:bg-gray-50 sm:inline-block sm:w-auto"
                  data-testid="Send Verification Email Link"
                  href="javascript:;"
                >
                  Resend a Verification Email
                </a>
              </div>
            </div>
          </div>
        </div>
      </div>
    </div>
  </body>,
  "container": <div>
    <div
      class="relative pt-28 pb-16 bg-white z-0"
    >
      <div
        aria-hidden="true"
        class="hidden absolute top-0 inset-x-0 h-1/2 bg-gray-50 lg:block"
      />
      <div
        class="max-w-7xl mx-auto bg-teal-600 lg:bg-transparent lg:px-8"
      >
        <div
          class="lg:grid lg:grid-cols-12"
        >
          <div
            class="relative z-10 lg:col-start-1 lg:row-start-1 lg:col-span-4 lg:py-16 lg:bg-transparent"
          >
            <div
              aria-hidden="true"
              class="absolute inset-x-0 h-1/2 bg-gray-50 lg:hidden"
            />
            <div
              class="max-w-md mx-auto px-4 sm:max-w-3xl sm:px-10 lg:max-w-none lg:p-0"
            >
              <div
                class="aspect-w-10 aspect-h-6 sm:aspect-w-2 sm:aspect-h-1 lg:aspect-w-1"
              >
                <img
                  alt=""
                  class="object-cover object-center rounded-3xl shadow-2xl"
                  src="/src/assets/images/hero/email-verification.jpg"
                />
              </div>
            </div>
          </div>
          <div
            class="relative bg-teal-600 lg:col-start-3 lg:row-start-1 lg:col-span-10 lg:rounded-3xl lg:grid lg:grid-cols-10 lg:items-center"
          >
            <div
              aria-hidden="true"
              class="hidden absolute inset-0 overflow-hidden rounded-3xl lg:block"
            >
              <svg
                aria-hidden="true"
                class="absolute bottom-full left-full transform translate-y-1/3 -translate-x-2/3 xl:bottom-auto xl:top-0 xl:translate-y-0"
                fill="none"
                height="384"
                viewBox="0 0 404 384"
                width="404"
              >
                <defs>
                  <pattern
                    height="20"
                    id="64e643ad-2176-4f86-b3d7-f2c5da3b6a6d"
                    patternUnits="userSpaceOnUse"
                    width="20"
                    x="0"
                    y="0"
                  >
                    <rect
                      class="text-teal-800"
                      fill="currentColor"
                      height="4"
                      width="4"
                      x="0"
                      y="0"
                    />
                  </pattern>
                </defs>
                <rect
                  fill="url(#64e643ad-2176-4f86-b3d7-f2c5da3b6a6d)"
                  height="384"
                  width="404"
                />
              </svg>
              <svg
                aria-hidden="true"
                class="absolute top-full transform -translate-y-1/3 -translate-x-1/3 xl:-translate-y-1/2"
                fill="none"
                height="384"
                viewBox="0 0 404 384"
                width="404"
              >
                <defs>
                  <pattern
                    height="20"
                    id="64e643ad-2176-4f86-b3d7-f2c5da3b6a6d"
                    patternUnits="userSpaceOnUse"
                    width="20"
                    x="0"
                    y="0"
                  >
                    <rect
                      class="text-teal-500"
                      fill="currentColor"
                      height="4"
                      width="4"
                      x="0"
                      y="0"
                    />
                  </pattern>
                </defs>
                <rect
                  fill="url(#64e643ad-2176-4f86-b3d7-f2c5da3b6a6d)"
                  height="384"
                  width="404"
                />
              </svg>
            </div>
            <div
              class="relative max-w-md mx-auto py-12 px-4 space-y-6 sm:max-w-3xl sm:py-16 sm:px-10 lg:max-w-none lg:p-0 lg:col-start-4 lg:col-span-6"
            >
              <h2
                class="text-4xl font-extrabold text-white"
                id="join-heading"
              >
                Email Verification
              </h2>
              <p
                class="text-xl text-white"
              >
                A verification email has been sent to you. Please check your inbox!
              </p>
              <a
                class="block w-full py-3 px-5 text-center bg-white border border-transparent rounded-md shadow-md text-base font-medium text-teal-700 hover:bg-gray-50 sm:inline-block sm:w-auto"
                data-testid="Send Verification Email Link"
                href="javascript:;"
              >
                Resend a Verification Email
              </a>
            </div>
          </div>
        </div>
      </div>
    </div>
  </div>,
  "debug": [Function],
  "emitted": [Function],
  "findAllByAltText": [Function],
  "findAllByDisplayValue": [Function],
  "findAllByLabelText": [Function],
  "findAllByPlaceholderText": [Function],
  "findAllByRole": [Function],
  "findAllByTestId": [Function],
  "findAllByText": [Function],
  "findAllByTitle": [Function],
  "findByAltText": [Function],
  "findByDisplayValue": [Function],
  "findByLabelText": [Function],
  "findByPlaceholderText": [Function],
  "findByRole": [Function],
  "findByTestId": [Function],
  "findByText": [Function],
  "findByTitle": [Function],
  "getAllByAltText": [Function],
  "getAllByDisplayValue": [Function],
  "getAllByLabelText": [Function],
  "getAllByPlaceholderText": [Function],
  "getAllByRole": [Function],
  "getAllByTestId": [Function],
  "getAllByText": [Function],
  "getAllByTitle": [Function],
  "getByAltText": [Function],
  "getByDisplayValue": [Function],
  "getByLabelText": [Function],
  "getByPlaceholderText": [Function],
  "getByRole": [Function],
  "getByTestId": [Function],
  "getByText": [Function],
  "getByTitle": [Function],
  "html": [Function],
  "queryAllByAltText": [Function],
  "queryAllByDisplayValue": [Function],
  "queryAllByLabelText": [Function],
  "queryAllByPlaceholderText": [Function],
  "queryAllByRole": [Function],
  "queryAllByTestId": [Function],
  "queryAllByText": [Function],
  "queryAllByTitle": [Function],
  "queryByAltText": [Function],
  "queryByDisplayValue": [Function],
  "queryByLabelText": [Function],
  "queryByPlaceholderText": [Function],
  "queryByRole": [Function],
  "queryByTestId": [Function],
  "queryByText": [Function],
  "queryByTitle": [Function],
  "rerender": [Function],
  "unmount": [Function],
}
`;
